// Jest Snapshot v1, https://goo.gl/fbAQLP

exports[`ContactList should render 1`] = `ShallowWrapper {}`;
