// Jest Snapshot v1, https://goo.gl/fbAQLP

exports[`ContactDetails should render 1`] = `ShallowWrapper {}`;
