// Jest Snapshot v1, https://goo.gl/fbAQLP

exports[`Layout should render 1`] = `ShallowWrapper {}`;
