// Jest Snapshot v1, https://goo.gl/fbAQLP

exports[`Index page should render 1`] = `ShallowWrapper {}`;
